Performing C SOURCE FILE Test CMAKE_HAVE_LIBC_PTHREAD failed with the following output:
Change Dir: /home/xdb/AST/out/smith_9/dace/.dacecache/sdfg_0/build/CMakeFiles/CMakeScratch/TryCompile-NqkGtm

Run Build Command(s):/usr/bin/make -f Makefile cmTC_7ff02/fast && /usr/bin/make  -f CMakeFiles/cmTC_7ff02.dir/build.make CMakeFiles/cmTC_7ff02.dir/build
make[1]: Entering directory '/home/xdb/AST/out/smith_9/dace/.dacecache/sdfg_0/build/CMakeFiles/CMakeScratch/TryCompile-NqkGtm'
Building C object CMakeFiles/cmTC_7ff02.dir/src.c.o
/usr/bin/clang-10 -DCMAKE_HAVE_LIBC_PTHREAD   -MD -MT CMakeFiles/cmTC_7ff02.dir/src.c.o -MF CMakeFiles/cmTC_7ff02.dir/src.c.o.d -o CMakeFiles/cmTC_7ff02.dir/src.c.o -c /home/xdb/AST/out/smith_9/dace/.dacecache/sdfg_0/build/CMakeFiles/CMakeScratch/TryCompile-NqkGtm/src.c
Linking C executable cmTC_7ff02
/home/xdb/cmake-3.25.1/bin/cmake -E cmake_link_script CMakeFiles/cmTC_7ff02.dir/link.txt --verbose=1
/usr/bin/clang-10 CMakeFiles/cmTC_7ff02.dir/src.c.o -o cmTC_7ff02 
/usr/bin/ld: CMakeFiles/cmTC_7ff02.dir/src.c.o: in function `main':
src.c:(.text+0x25): undefined reference to `pthread_create'
/usr/bin/ld: src.c:(.text+0x31): undefined reference to `pthread_detach'
/usr/bin/ld: src.c:(.text+0x3d): undefined reference to `pthread_cancel'
/usr/bin/ld: src.c:(.text+0x4f): undefined reference to `pthread_join'
clang: error: linker command failed with exit code 1 (use -v to see invocation)
make[1]: *** [CMakeFiles/cmTC_7ff02.dir/build.make:100: cmTC_7ff02] Error 1
make[1]: Leaving directory '/home/xdb/AST/out/smith_9/dace/.dacecache/sdfg_0/build/CMakeFiles/CMakeScratch/TryCompile-NqkGtm'
make: *** [Makefile:127: cmTC_7ff02/fast] Error 2


Source file was:
#include <pthread.h>

static void* test_func(void* data)
{
  return data;
}

int main(void)
{
  pthread_t thread;
  pthread_create(&thread, NULL, test_func, NULL);
  pthread_detach(thread);
  pthread_cancel(thread);
  pthread_join(thread, NULL);
  pthread_atfork(NULL, NULL, NULL);
  pthread_exit(NULL);

  return 0;
}


Determining if the function pthread_create exists in the pthreads failed with the following output:
Change Dir: /home/xdb/AST/out/smith_9/dace/.dacecache/sdfg_0/build/CMakeFiles/CMakeScratch/TryCompile-44LN7l

Run Build Command(s):/usr/bin/make -f Makefile cmTC_02a59/fast && /usr/bin/make  -f CMakeFiles/cmTC_02a59.dir/build.make CMakeFiles/cmTC_02a59.dir/build
make[1]: Entering directory '/home/xdb/AST/out/smith_9/dace/.dacecache/sdfg_0/build/CMakeFiles/CMakeScratch/TryCompile-44LN7l'
Building C object CMakeFiles/cmTC_02a59.dir/CheckFunctionExists.c.o
/usr/bin/clang-10   -DCHECK_FUNCTION_EXISTS=pthread_create -MD -MT CMakeFiles/cmTC_02a59.dir/CheckFunctionExists.c.o -MF CMakeFiles/cmTC_02a59.dir/CheckFunctionExists.c.o.d -o CMakeFiles/cmTC_02a59.dir/CheckFunctionExists.c.o -c /home/xdb/AST/out/smith_9/dace/.dacecache/sdfg_0/build/CMakeFiles/CMakeScratch/TryCompile-44LN7l/CheckFunctionExists.c
Linking C executable cmTC_02a59
/home/xdb/cmake-3.25.1/bin/cmake -E cmake_link_script CMakeFiles/cmTC_02a59.dir/link.txt --verbose=1
/usr/bin/clang-10  -DCHECK_FUNCTION_EXISTS=pthread_create CMakeFiles/cmTC_02a59.dir/CheckFunctionExists.c.o -o cmTC_02a59  -lpthreads 
/usr/bin/ld: cannot find -lpthreads
clang: error: linker command failed with exit code 1 (use -v to see invocation)
make[1]: *** [CMakeFiles/cmTC_02a59.dir/build.make:100: cmTC_02a59] Error 1
make[1]: Leaving directory '/home/xdb/AST/out/smith_9/dace/.dacecache/sdfg_0/build/CMakeFiles/CMakeScratch/TryCompile-44LN7l'
make: *** [Makefile:127: cmTC_02a59/fast] Error 2



