Performing C SOURCE FILE Test CMAKE_HAVE_LIBC_PTHREAD failed with the following output:
Change Dir: /home/xdb/AST/out/smith_2/dcir/.dacecache/sdfg_0/build/CMakeFiles/CMakeScratch/TryCompile-Ai7An5

Run Build Command(s):/usr/bin/make -f Makefile cmTC_f122e/fast && /usr/bin/make  -f CMakeFiles/cmTC_f122e.dir/build.make CMakeFiles/cmTC_f122e.dir/build
make[1]: Entering directory '/home/xdb/AST/out/smith_2/dcir/.dacecache/sdfg_0/build/CMakeFiles/CMakeScratch/TryCompile-Ai7An5'
Building C object CMakeFiles/cmTC_f122e.dir/src.c.o
/usr/bin/clang-10 -DCMAKE_HAVE_LIBC_PTHREAD   -MD -MT CMakeFiles/cmTC_f122e.dir/src.c.o -MF CMakeFiles/cmTC_f122e.dir/src.c.o.d -o CMakeFiles/cmTC_f122e.dir/src.c.o -c /home/xdb/AST/out/smith_2/dcir/.dacecache/sdfg_0/build/CMakeFiles/CMakeScratch/TryCompile-Ai7An5/src.c
Linking C executable cmTC_f122e
/home/xdb/cmake-3.25.1/bin/cmake -E cmake_link_script CMakeFiles/cmTC_f122e.dir/link.txt --verbose=1
/usr/bin/clang-10 CMakeFiles/cmTC_f122e.dir/src.c.o -o cmTC_f122e 
/usr/bin/ld: CMakeFiles/cmTC_f122e.dir/src.c.o: in function `main':
src.c:(.text+0x25): undefined reference to `pthread_create'
/usr/bin/ld: src.c:(.text+0x31): undefined reference to `pthread_detach'
/usr/bin/ld: src.c:(.text+0x3d): undefined reference to `pthread_cancel'
/usr/bin/ld: src.c:(.text+0x4f): undefined reference to `pthread_join'
clang: error: linker command failed with exit code 1 (use -v to see invocation)
make[1]: *** [CMakeFiles/cmTC_f122e.dir/build.make:100: cmTC_f122e] Error 1
make[1]: Leaving directory '/home/xdb/AST/out/smith_2/dcir/.dacecache/sdfg_0/build/CMakeFiles/CMakeScratch/TryCompile-Ai7An5'
make: *** [Makefile:127: cmTC_f122e/fast] Error 2


Source file was:
#include <pthread.h>

static void* test_func(void* data)
{
  return data;
}

int main(void)
{
  pthread_t thread;
  pthread_create(&thread, NULL, test_func, NULL);
  pthread_detach(thread);
  pthread_cancel(thread);
  pthread_join(thread, NULL);
  pthread_atfork(NULL, NULL, NULL);
  pthread_exit(NULL);

  return 0;
}


Determining if the function pthread_create exists in the pthreads failed with the following output:
Change Dir: /home/xdb/AST/out/smith_2/dcir/.dacecache/sdfg_0/build/CMakeFiles/CMakeScratch/TryCompile-A0BBt5

Run Build Command(s):/usr/bin/make -f Makefile cmTC_c19c3/fast && /usr/bin/make  -f CMakeFiles/cmTC_c19c3.dir/build.make CMakeFiles/cmTC_c19c3.dir/build
make[1]: Entering directory '/home/xdb/AST/out/smith_2/dcir/.dacecache/sdfg_0/build/CMakeFiles/CMakeScratch/TryCompile-A0BBt5'
Building C object CMakeFiles/cmTC_c19c3.dir/CheckFunctionExists.c.o
/usr/bin/clang-10   -DCHECK_FUNCTION_EXISTS=pthread_create -MD -MT CMakeFiles/cmTC_c19c3.dir/CheckFunctionExists.c.o -MF CMakeFiles/cmTC_c19c3.dir/CheckFunctionExists.c.o.d -o CMakeFiles/cmTC_c19c3.dir/CheckFunctionExists.c.o -c /home/xdb/AST/out/smith_2/dcir/.dacecache/sdfg_0/build/CMakeFiles/CMakeScratch/TryCompile-A0BBt5/CheckFunctionExists.c
Linking C executable cmTC_c19c3
/home/xdb/cmake-3.25.1/bin/cmake -E cmake_link_script CMakeFiles/cmTC_c19c3.dir/link.txt --verbose=1
/usr/bin/clang-10  -DCHECK_FUNCTION_EXISTS=pthread_create CMakeFiles/cmTC_c19c3.dir/CheckFunctionExists.c.o -o cmTC_c19c3  -lpthreads 
/usr/bin/ld: cannot find -lpthreads
clang: error: linker command failed with exit code 1 (use -v to see invocation)
make[1]: *** [CMakeFiles/cmTC_c19c3.dir/build.make:100: cmTC_c19c3] Error 1
make[1]: Leaving directory '/home/xdb/AST/out/smith_2/dcir/.dacecache/sdfg_0/build/CMakeFiles/CMakeScratch/TryCompile-A0BBt5'
make: *** [Makefile:127: cmTC_c19c3/fast] Error 2



